2026-08-11 21:29:23 [main] INFO  io.javalin.Javalin - Starting Javalin ...
2026-08-11 21:29:23 [main] INFO  org.eclipse.jetty.server.Server - jetty-11.0.20; built: 2024-01-29T21:04:22.394Z; git: 922f8dc188f7011e60d0361de585fd4ac4d63064; jvm 21.0.11+10-LTS
2026-08-11 21:29:23 [main] INFO  o.e.j.s.s.DefaultSessionIdManager - Session workerName=node0
2026-08-11 21:29:23 [main] INFO  o.e.j.server.handler.ContextHandler - Started o.e.j.s.ServletContextHandler@710636b0{/,null,AVAILABLE}
2026-08-11 21:29:23 [main] INFO  o.e.jetty.server.AbstractConnector - Started ServerConnector@10959ece{HTTP/1.1, (http/1.1)}{0.0.0.0:7700}
2026-08-11 21:29:23 [main] INFO  org.eclipse.jetty.server.Server - Started Server@3d5c822d{STARTING}[11.0.20,sto=0] @856ms
2026-08-11 21:29:23 [main] INFO  io.javalin.Javalin - 
       __                  ___           _____
      / /___ __   ______ _/ (_)___      / ___/
 __  / / __ `/ | / / __ `/ / / __ \    / __ \
/ /_/ / /_/ /| |/ / /_/ / / / / / /   / /_/ /
\____/\__,_/ |___/\__,_/_/_/_/ /_/    \____/

       https://javalin.io/documentation

2026-08-11 21:29:23 [main] INFO  io.javalin.Javalin - Javalin started in 239ms \o/
2026-08-11 21:29:23 [main] INFO  io.javalin.Javalin - Listening on http://localhost:7700/
2026-08-11 21:29:23 [main] INFO  io.javalin.Javalin - You are running Javalin 6.1.3 (released March 2, 2024. Your Javalin version is 892 days old. Consider checking for a newer version.).
2026-08-11 21:36:36 [main] INFO  io.javalin.Javalin - Starting Javalin ...
2026-08-11 21:36:36 [main] INFO  org.eclipse.jetty.server.Server - jetty-11.0.20; built: 2024-01-29T21:04:22.394Z; git: 922f8dc188f7011e60d0361de585fd4ac4d63064; jvm 21.0.11+10-LTS
2026-08-11 21:36:36 [main] INFO  o.e.j.s.s.DefaultSessionIdManager - Session workerName=node0
2026-08-11 21:36:36 [main] INFO  o.e.j.server.handler.ContextHandler - Started o.e.j.s.ServletContextHandler@4b8d604b{/,null,AVAILABLE}
2026-08-11 21:36:36 [main] INFO  o.e.jetty.server.AbstractConnector - Started ServerConnector@272ed83b{HTTP/1.1, (http/1.1)}{0.0.0.0:7700}
2026-08-11 21:36:36 [main] INFO  org.eclipse.jetty.server.Server - Started Server@383bfa16{STARTING}[11.0.20,sto=0] @767ms
2026-08-11 21:36:36 [main] INFO  io.javalin.Javalin - 
       __                  ___           _____
      / /___ __   ______ _/ (_)___      / ___/
 __  / / __ `/ | / / __ `/ / / __ \    / __ \
/ /_/ / /_/ /| |/ / /_/ / / / / / /   / /_/ /
\____/\__,_/ |___/\__,_/_/_/_/ /_/    \____/

       https://javalin.io/documentation

2026-08-11 21:36:36 [main] INFO  io.javalin.Javalin - Javalin started in 227ms \o/
2026-08-11 21:36:36 [main] INFO  io.javalin.Javalin - Listening on http://localhost:7700/
2026-08-11 21:36:36 [main] INFO  io.javalin.Javalin - You are running Javalin 6.1.3 (released March 2, 2024. Your Javalin version is 892 days old. Consider checking for a newer version.).
